Before calling findsections
fcounter=0 notfcounter=0 mcounter=0 notmcounter=0
codevsize-fcounter-notfcounter=1664
codevsize-mcounter-notmcounter=1664

Calling findsections

    0: 03E8 BCPL  Section     size  1604 bytes
 1606: Max global number 124
 1602: G001 =    16   START
After calling findsections
fcounter=1 notfcounter=15 mcounter=0 notmcounter=16
codevsize-fcounter-notfcounter=1648
codevsize-mcounter-notmcounter=1648

Calling findnames

Finding section, needs and entry names
    6: SECTION Name: TESTPRO
After calling findnames
fcounter=1 notfcounter=25 mcounter=0 notmcounter=26
codevsize-fcounter-notfcounter=1638
codevsize-mcounter-notmcounter=1638

Calling scancode

After calling scancode
fcounter=700 notfcounter=475 mcounter=0 notmcounter=1171
codevsize-fcounter-notfcounter=489
codevsize-mcounter-notmcounter=493

Calling findnotf

After calling findnotf
fcounter=700 notfcounter=939 mcounter=0 notmcounter=1171
codevsize-fcounter-notfcounter=25
codevsize-mcounter-notmcounter=493

Calling findstrings

After calling findstrings
fcounter=700 notfcounter=939 mcounter=0 notmcounter=1536
codevsize-fcounter-notfcounter=25
codevsize-mcounter-notmcounter=128
About to call dumpcode()

//     0: 03E8 0322                HUNK    size=802
//     4: 0322
//     6: FDDF                     Section name: TESTPRO
//     8: 07 54 45 53 54 50 52 4F

//    16: GLOBAL ENTRY             G001 START
//    16: 5B E0      LLL$   244    
//    18: 39 E0       SL$   240    
//    20: 5B E0      LLL$   258    
//    22: 39 E0       SL$   242    
//    24: 11           L1          
//    25: A4          SP4          
//    26: BA 90         J    44    

//    28: L00028:
//    28: 3B DD       LL$   242    
//    30: D7         RVP4          
//    31: BE 88      JGE0    41    
//    33: 10           L0          
//    34: 3B DA       LL$   242    
//    36: 99         STP4          
//    37: B5          XCH          
//    38: 3B D6       LL$   240    
//    40: 99         STP4          

//    41: L00041:
//    41: 11           L1          
//    42: C4          AP4          
//    43: A4          SP4          

//    44: L00044:
//    44: 84          LP4          
//    45: 16           L6          
//    46: 9C 6C       JLE    28    

//    48: L00048:
//    48: 30 09        LG     9    G009
//    50: 79          RV5          
//    51: 12           L2          
//    52: 3C 8C       JNE    66    
//    54: BA 83         J    59    

//    56: L00056:
//    56: 5B D0      LLL$   800    
//    58: 04           K4          

//    59: L00059:
//    59: 12           L2          
//    60: 24 6C       K4G   108    G108 TESTFLAGS
//    62: 3E 78      JNE0    56    
//    64: BA 8D         J    79    

//    66: L00066:
//    66: 24 53       K4G    83    G083 UNRDCH

//    68: L00068:
//    68: 5B CA      LLL$   800    
//    70: 04           K4          
//    71: A3          SP3          
//    72: 1A          L10          
//    73: 1C 84       JEQ    79    
//    75: 0F          LM1          
//    76: 83          LP3          
//    77: 3C 75       JNE    68    

//    79: L00079:
//    79: D0          NOP          

//    80: L00080:

//    80: 60 23         L    35    
//    82: 24 52       K4G    82    G082 WRCH

//    84: L00084:
//    84: 5B C2      LLL$   800    
//    86: 04           K4          
//    87: A3          SP3          
//    88: 60 20         L    32    
//    90: 1C 78       JEQ    84    
//    92: 19           L9          
//    93: 83          LP3          
//    94: 1C 74       JEQ    84    
//    96: BA CA         J   172    

//    98: CASE -1:

//    98: L00098:
//    98: 30 34        LG    52    G052 CNSLINSTR
//   100: 24 4F       K4G    79    G079 SELECTINPUT
//   102: 5A 68       LLL    80    
//   104: 9B         GOTO          

//   105: CASE 88:

//   105: L00105:
//   105: 10           L0          
//   106: 24 02       K4G     2    G002 STOP

//   108: CASE 72:

//   108: L00108:
//   108: 5B FE      LLL$   272    "D        display parameters*n"
//   110: 24 5E       K4G    94    G094 WRITES
//   112: 5B FD      LLL$   302    "P pars   set parameters*n"
//   114: 24 5E       K4G    94    G094 WRITES
//   116: 5B FC      LLL$   328    "nP pars  set parameters from*n"
//   118: 24 5E       K4G    94    G094 WRITES
//   120: 5B FE      LLL$   358    "         parameter n onwards*n"
//   122: 24 5E       K4G    94    G094 WRITES
//   124: 5B FD      LLL$   388    "R        run test*n"
//   126: 24 5E       K4G    94    G094 WRITES
//   128: 5B FC      LLL$   408    "T proc   specify procedure to test*n"
//   130: 24 5E       K4G    94    G094 WRITES
//   132: BA 2A         J    48    

//   134: CASE 82:

//   134: L00134:
//   134: 5B FA      LLL$  1354    
//   136: 04           K4          

//   137: CASE 10:

//   137: L00137:
//   137: BA 25         J    48    

//   139: CASE 68:

//   139: L00139:
//   139: 5B F8      LLL$   476    
//   141: 04           K4          
//   142: BA 20         J    48    

//   144: CASE 84:

//   144: L00144:
//   144: 5B FE      LLL$   954    
//   146: 04           K4          
//   147: BA 1B         J    48    

//   149: CASE 80:

//   149: L00149:
//   149: 11           L1          
//   150: 5B FC      LLL$   806    
//   152: 04           K4          
//   153: BA 15         J    48    

//   155: CASE 54:
//   155: CASE 53:
//   155: CASE 52:
//   155: CASE 51:
//   155: CASE 50:
//   155: CASE 49:

//   155: L00155:
//   155: 5B 9E      LLL$   800    
//   157: 04           K4          
//   158: 60 50         L    80    
//   160: 1C 82       JEQ   164    
//   162: BA C6         J   234    

//   164: L00164:
//   164: 0E 30        LM    48    
//   166: C3          AP3          
//   167: 5B F3      LLL$   806    
//   169: 04           K4          
//   170: BA 04         J    48    

//   172: L00172:
//   172: 83          LP3          
//   173: 92          SWB          
//   174: 000E        len =   14
//   176: 003A    default =>   234
//   178: FFFF      const =    -1
//   180: FFAE      label =>    98
//   182: 000A      const =    10
//   184: FFD1      label =>   137
//   186: 0031      const =    49
//   188: FFDF      label =>   155
//   190: 0032      const =    50
//   192: FFDB      label =>   155
//   194: 0033      const =    51
//   196: FFD7      label =>   155
//   198: 0034      const =    52
//   200: FFD3      label =>   155
//   202: 0035      const =    53
//   204: FFCF      label =>   155
//   206: 0036      const =    54
//   208: FFCB      label =>   155
//   210: 0044      const =    68
//   212: FFB7      label =>   139
//   214: 0048      const =    72
//   216: FF94      label =>   108
//   218: 0050      const =    80
//   220: FFB9      label =>   149
//   222: 0052      const =    82
//   224: FFA6      label =>   134
//   226: 0054      const =    84
//   228: FFAC      label =>   144
//   230: 0058      const =    88
//   232: FF81      label =>   105

//   234: DEFAULT:

//   234: L00234:
//   234: 5B E2      LLL$   444    "Unrecognised command*n"
//   236: 24 5E       K4G    94    G094 WRITES
//   238: BB E1        J$    48    

//   240: 0000       DATA      0    Operand of LL SL

//   242: 0000       DATA      0    Operand of LL SL

//   244: FC88       DATA   -888    Operand of LLL
//   246: 00
//   247: 00
//   248: 00
//   249: 00
//   250: 00
//   251: 00
//   252: 00
//   253: 00
//   254: 00
//   255: 00
//   256: 00
//   257: 00

//   258: 0000       DATA      0    Operand of LLL
//   260: 00
//   261: 00
//   262: 00
//   263: 00
//   264: 00
//   265: 00
//   266: 00
//   267: 00
//   268: 00
//   269: 00
//   270: 00
//   271: 00

//   272: 1C String: "D        display parameters*n"
//   272: 1C 44 20 20 20 20 20 20 20 20 64 69 73 70 6C 61 
//   288: 79 20 70 61 72 61 6D 65 74 65 72 73 0A 

//   302: 18 String: "P pars   set parameters*n"
//   302: 18 50 20 70 61 72 73 20 20 20 73 65 74 20 70 61 
//   318: 72 61 6D 65 74 65 72 73 0A 

//   328: 1D String: "nP pars  set parameters from*n"
//   328: 1D 6E 50 20 70 61 72 73 20 20 73 65 74 20 70 61 
//   344: 72 61 6D 65 74 65 72 73 20 66 72 6F 6D 0A 

//   358: 1D String: "         parameter n onwards*n"
//   358: 1D 20 20 20 20 20 20 20 20 20 70 61 72 61 6D 65 
//   374: 74 65 72 20 6E 20 6F 6E 77 61 72 64 73 0A 

//   388: 12 String: "R        run test*n"
//   388: 12 52 20 20 20 20 20 20 20 20 72 75 6E 20 74 65 
//   404: 73 74 0A 

//   408: 23 String: "T proc   specify procedure to test*n"
//   408: 23 54 20 70 72 6F 63 20 20 20 73 70 65 63 69 66 
//   424: 79 20 70 72 6F 63 65 64 75 72 65 20 74 6F 20 74 
//   440: 65 73 74 0A 

//   444: 15 String: "Unrecognised command*n"
//   444: 15 55 6E 72 65 63 6F 67 6E 69 73 65 64 20 63 6F 
//   460: 6D 6D 61 6E 64 0A 

//   466: FF22          Resolving word => 244
//   468: FF1C          Resolving word => 240
//   470: FF2C          Resolving word => 258
//   472: FF1A          Resolving word => 242
//   474: 0146          Resolving word => 800

//   476: L00476:

//   476: 5A FE       LLL   604    "Procedure:   "
//   478: 23 5E       K3G    94    G094 WRITES
//   480: 3B E7       LL$   242    
//   482: 74           RV          
//   483: 9E 8A      JLE0   495    
//   485: 3B E5       LL$   240    
//   487: 74           RV          
//   488: A7          SP7          
//   489: 5B E4      LLL$   624    "G%I3"
//   491: 23 5A       K3G    90    G090 WRITEF
//   493: BA 85         J   500    

//   495: L00495:
//   495: 3B E0       LL$   240    
//   497: 74           RV          
//   498: 23 56       K3G    86    G086 WRITEA

//   500: L00500:
//   500: 5B E0      LLL$   640    "*nParameters:*n"
//   502: 23 5E       K3G    94    G094 WRITES
//   504: 11           L1          
//   505: A3          SP3          
//   506: BA DB         J   599    

//   508: L00508:
//   508: 3B D9       LL$   242    
//   510: D6         RVP3          
//   511: 9E 8A      JLE0   523    
//   513: 3B D7       LL$   240    
//   515: D6         RVP3          
//   516: A8          SP8          
//   517: 5B D8      LLL$   658    "       G%I3  "
//   519: 24 5A       K4G    90    G090 WRITEF
//   521: BA C2         J   589    

//   523: L00523:
//   523: 3B D1       LL$   242    
//   525: D6         RVP3          
//   526: BE B1      JGE0   577    
//   528: 3B D0       LL$   240    
//   530: D6         RVP3          
//   531: A4          SP4          
//   532: 10           L0          
//   533: B6         GBYT          
//   534: A5          SP5          
//   535: 1A          L10          
//   536: 9C 85       JLE   543    
//   538: B8          ATC          
//   539: A6          SP6          
//   540: 84          LP4          
//   541: 10           L0          
//   542: B7         PBYT          

//   543: L00543:
//   543: 84          LP4          
//   544: AA         SP10          
//   545: 5A FD       LLL   672    "*"%S*""
//   547: 26 5A       K6G    90    G090 WRITEF
//   549: 85          LP5          
//   550: B8          ATC          
//   551: A6          SP6          
//   552: 84          LP4          
//   553: 10           L0          
//   554: B7         PBYT          
//   555: 60 0B         L    11    
//   557: 85          LP5          
//   558: 55          SUB          
//   559: A7          SP7          
//   560: 11           L1          
//   561: A6          SP6          
//   562: BA 87         J   571    

//   564: L00564:
//   564: 60 20         L    32    
//   566: 28 52       K8G    82    G082 WRCH
//   568: 11           L1          
//   569: C6          AP6          
//   570: A6          SP6          

//   571: L00571:
//   571: 86          LP6          
//   572: 87          LP7          
//   573: 9C 75       JLE   564    
//   575: BA 8C         J   589    

//   577: L00577:
//   577: 3B B7       LL$   240    
//   579: D6         RVP3          
//   580: A8          SP8          
//   581: 3B B5       LL$   240    
//   583: D6         RVP3          
//   584: A9          SP9          
//   585: 5A DB       LLL   678    "%I6/%X4  "
//   587: 24 5A       K4G    90    G090 WRITEF

//   589: L00589:
//   589: 83          LP3          
//   590: 13           L3          
//   591: 36          REM          
//   592: 3E 82      JNE0   596    
//   594: 24 54       K4G    84    G084 NEWLINE

//   596: L00596:
//   596: 11           L1          
//   597: C3          AP3          
//   598: A3          SP3          

//   599: L00599:
//   599: 83          LP3          
//   600: 16           L6          
//   601: 9C 21       JLE   508    
//   603: 7B          RTN          

//   604: 0D String: "Procedure:   "
//   604: 0D 50 72 6F 63 65 64 75 72 65 3A 20 20 20 

//   618: FEA6          Resolving word => 272
//   620: FEC2          Resolving word => 302
//   622: FEDA          Resolving word => 328

//   624: 04 String: "G%I3"
//   624: 04 47 25 49 33 

//   630: FEF0          Resolving word => 358
//   632: FF0C          Resolving word => 388
//   634: FF1E          Resolving word => 408
//   636: 02CE          Resolving word => 1354
//   638: FF5E          Resolving word => 476

//   640: 0D String: "*nParameters:*n"
//   640: 0D 0A 50 61 72 61 6D 65 74 65 72 73 3A 0A 

//   654: 012C          Resolving word => 954
//   656: 0096          Resolving word => 806

//   658: 0D String: "       G%I3  "
//   658: 0D 20 20 20 20 20 20 20 47 25 49 33 20 20 

//   672: 04 String: "*"%S*""
//   672: 04 22 25 53 22 

//   678: 09 String: "%I6/%X4  "
//   678: 09 25 49 36 2F 25 58 34 20 20 

//   688: FF0C          Resolving word => 444
//   690: FD7E          Resolving word => 48

//   692: L00692:

//   692: 30 10        LG    16    G016 STOREFILES
//   694: A4          SP4          
//   695: 40 07       LLP     7    
//   697: A6          SP6          
//   698: 86          LP6          
//   699: AF         SP15          
//   700: 14           L4          
//   701: B0         SP16          
//   702: 83          LP3          
//   703: 2B 24      K11G    36    G036 MOVE
//   705: 11           L1          
//   706: AB         SP11          
//   707: BA 97         J   732    

//   709: L00709:
//   709: 86          LP6          
//   710: 10           L0          
//   711: B6         GBYT          
//   712: 8B         LP11          
//   713: BC 84       JGE   719    
//   715: 60 20         L    32    
//   717: BA 85         J   724    

//   719: L00719:
//   719: 86          LP6          
//   720: 8B         LP11          
//   721: B6         GBYT          
//   722: 2C 3B      K12G    59    G059 CAPCH

//   724: L00724:
//   724: B8          ATC          
//   725: AC         SP12          
//   726: 86          LP6          
//   727: 8B         LP11          
//   728: B7         PBYT          
//   729: 11           L1          
//   730: CB         AP11          
//   731: AB         SP11          

//   732: L00732:
//   732: 8B         LP11          
//   733: 17           L7          
//   734: 9C 65       JLE   709    
//   736: B8          ATC          
//   737: AB         SP11          
//   738: 86          LP6          
//   739: 10           L0          
//   740: B7         PBYT          
//   741: BA A9         J   784    

//   743: L00743:
//   743: 14           L4          
//   744: AF         SP15          
//   745: 84          LP4          
//   746: 2B 7C      K11G   124    G124
//   748: 1E A0      JEQ0   782    
//   750: F8         L2P4          
//   751: AB         SP11          
//   752: BA 99         J   779    

//   754: L00754:
//   754: 12           L2          
//   755: CB         AP11          
//   756: AC         SP12          
//   757: 8B         LP11          
//   758: 75          RV1          
//   759: 11           L1          
//   760: 57          RSH          
//   761: CC         AP12          
//   762: A0 12        SP    18    
//   764: 86          LP6          
//   765: A0 11        SP    17    
//   767: 8C         LP12          
//   768: 5B F0      LLL$  1252    
//   770: 20 0D         K    13    
//   772: A5          SP5          
//   773: 1E 82      JEQ0   777    
//   775: BA 95         J   798    

//   777: L00777:
//   777: EB        L0P11          
//   778: AB         SP11          

//   779: L00779:
//   779: 8B         LP11          
//   780: 3E 64      JNE0   754    

//   782: L00782:
//   782: E4         L0P4          
//   783: A4          SP4          

//   784: L00784:
//   784: 84          LP4          
//   785: 3E 54      JNE0   743    
//   787: 86          LP6          
//   788: AF         SP15          
//   789: 61 FF 7F     LW 32767    
//   792: B0         SP16          
//   793: 30 75        LG   117    G117 LIBBASE
//   795: 5B E2      LLL$  1252    
//   797: 0B          K11          

//   798: L00798:
//   798: 7B          RTN          
//   799: D0          NOP          

//   800: L00800:

//   800: 26 4C       K6G    76    G076 RDCH
//   802: 23 3B       K3G    59    G059 CAPCH
//   804: 7B          RTN          
//   805: D0          NOP          

//   806: L00806:

//   806: 40 05       LLP     5    
//   808: A4          SP4          
//   809: 83          LP3          
//   810: A0 1A        SP    26    
//   812: BA E1         J   911    

//   814: L00814:
//   814: 60 14         L    20    
//   816: A0 1F        SP    31    
//   818: 84          LP4          
//   819: 30 62        LG    98    G098 RDITEM
//   821: 20 1B         K    27    
//   823: A0 1B        SP    27    
//   825: 1E 84      JEQ0   831    
//   827: 0E 03        LM     3    
//   829: 3C 86       JNE   837    

//   831: L00831:
//   831: 83          LP3          
//   832: 80 1A        LP    26    
//   834: 1C 81       JEQ   837    
//   836: 7B          RTN          

//   837: L00837:
//   837: 11           L1          
//   838: 80 1B        LP    27    
//   840: 7C 83       JGR   845    
//   842: 12           L2          
//   843: 9C 82       JLE   847    

//   845: L00845:
//   845: BA C5         J   916    

//   847: L00847:
//   847: 3B 2F       LL$   242    
//   849: C0 1A        AP    26    
//   851: 74           RV          
//   852: BE 90      JGE0   870    
//   854: 3B 2D       LL$   240    
//   856: C0 1A        AP    26    
//   858: 74           RV          
//   859: 30 19        LG    25    G025 FREEVEC
//   861: 20 1C         K    28    
//   863: 3B 27       LL$   242    
//   865: C0 1A        AP    26    
//   867: 10           L0          
//   868: B5          XCH          
//   869: 94           ST          

//   870: L00870:
//   870: 84          LP4          
//   871: A0 1F        SP    31    
//   873: 80 1A        LP    26    
//   875: A0 20        SP    32    
//   877: 11           L1          
//   878: 80 1B        LP    27    
//   880: 3C 84       JNE   886    
//   882: 5B E9      LLL$  1066    
//   884: BA 82         J   888    

//   886: L00886:
//   886: 5B E8      LLL$  1040    

//   888: L00888:
//   888: A0 21        SP    33    
//   890: 80 1F        LP    31    
//   892: 80 21        LP    33    
//   894: 20 1C         K    28    
//   896: 3E 82      JNE0   900    
//   898: BA 90         J   916    

//   900: L00900:
//   900: 16           L6          
//   901: 80 1A        LP    26    
//   903: 3C 81       JNE   906    
//   905: 7B          RTN          

//   906: L00906:
//   906: 80 1A        LP    26    
//   908: D1           A1          
//   909: A0 1A        SP    26    

//   911: L00911:
//   911: 80 1A        LP    26    
//   913: 16           L6          
//   914: 9C 1A       JLE   814    

//   916: L00916:
//   916: 5A 86       LLL   924    "Invalid parameter*n"
//   918: 30 5E        LG    94    G094 WRITES
//   920: 20 1A         K    26    
//   922: 7B          RTN          
//   923: D0          NOP          

//   924: 12 String: "Invalid parameter*n"
//   924: 12 49 6E 76 61 6C 69 64 20 70 61 72 61 6D 65 74 
//   940: 65 72 0A 

//   944: FD42          Resolving word => 242
//   946: FD3E          Resolving word => 240
//   948: FEBC          Resolving word => 624
//   950: FECA          Resolving word => 640
//   952: FEDA          Resolving word => 658

//   954: L00954:

//   954: 40 05       LLP     5    
//   956: A4          SP4          
//   957: 1A          L10          
//   958: A0 14        SP    20    
//   960: 84          LP4          
//   961: 30 62        LG    98    G098 RDITEM
//   963: 20 10         K    16    
//   965: B0         SP16          
//   966: 11           L1          
//   967: 3C 8B       JNE   980    
//   969: 10           L0          
//   970: A0 15        SP    21    
//   972: 84          LP4          
//   973: 5A DB       LLL  1066    
//   975: 20 11         K    17    
//   977: 1E 81      JEQ0   980    
//   979: 7B          RTN          

//   980: L00980:
//   980: 11           L1          
//   981: 90         LP16          
//   982: 7C 93       JGR  1003    
//   984: 12           L2          
//   985: 7C 90       JGR  1003    
//   987: 84          LP4          
//   988: 5B FF      LLL$   692    
//   990: 20 11         K    17    
//   992: A3          SP3          
//   993: 1E 88      JEQ0  1003    
//   995: 3B FF       LL$   240    
//   997: 94           ST          
//   998: 10           L0          
//   999: 3B FE       LL$   242    
//  1001: 94           ST          
//  1002: 7B          RTN          

//  1003: L01003:
//  1003: 5A 85       LLL  1010    "Invalid procedure specified*n"
//  1005: 30 5E        LG    94    G094 WRITES
//  1007: 20 11         K    17    
//  1009: 7B          RTN          

//  1010: 1C String: "Invalid procedure specified*n"
//  1010: 1C 49 6E 76 61 6C 69 64 20 70 72 6F 63 65 64 75 
//  1026: 72 65 20 73 70 65 63 69 66 69 65 64 0A 

//  1040: 10
//  1041: B6
//  1042: 11
//  1043: 57
//  1044: A5
//  1045: 26
//  1046: 1A
//  1047: 3B
//  1048: E5
//  1049: 99
//  1050: 3B
//  1051: E4
//  1052: D7
//  1053: AA
//  1054: 11
//  1055: C5
//  1056: AB
//  1057: 83
//  1058: 26
//  1059: 24
//  1060: 0F
//  1061: 3B
//  1062: DF
//  1063: 99
//  1064: 7B
//  1065: D0       Filler

//  1066: L01066:

//  1066: 11           L1          
//  1067: B6         GBYT          
//  1068: 25 3B       K5G    59    G059 CAPCH
//  1070: 60 47         L    71    
//  1072: 1C 81       JEQ  1075    
//  1074: 1B         FHOP          

//  1075: L01075:
//  1075: 0F          LM1          
//  1076: A5          SP5          
//  1077: 10           L0          
//  1078: A6          SP6          
//  1079: A7          SP7          
//  1080: 85          LP5          
//  1081: 1E 83      JEQ0  1086    
//  1083: 12           L2          
//  1084: BA 81         J  1087    

//  1086: L01086:
//  1086: 11           L1          

//  1087: L01087:
//  1087: A8          SP8          
//  1088: 83          LP3          
//  1089: B5          XCH          
//  1090: B6         GBYT          
//  1091: 60 23         L    35    
//  1093: 3C 8F       JNE  1110    
//  1095: 11           L1          
//  1096: C8          AP8          
//  1097: 83          LP3          
//  1098: B5          XCH          
//  1099: B6         GBYT          
//  1100: 29 3B       K9G    59    G059 CAPCH
//  1102: 60 58         L    88    
//  1104: 3C 84       JNE  1110    
//  1106: 60 10         L    16    
//  1108: BA 81         J  1111    

//  1110: L01110:
//  1110: 1A          L10          

//  1111: L01111:
//  1111: A9          SP9          
//  1112: 10           L0          
//  1113: AA         SP10          
//  1114: 60 10         L    16    
//  1116: 89          LP9          
//  1117: 3C 83       JNE  1122    
//  1119: 12           L2          
//  1120: C8          AP8          
//  1121: A8          SP8          

//  1122: L01122:
//  1122: 83          LP3          
//  1123: 88          LP8          
//  1124: B6         GBYT          
//  1125: 60 2D         L    45    
//  1127: 3C 85       JNE  1134    
//  1129: 0F          LM1          
//  1130: AA         SP10          
//  1131: 11           L1          
//  1132: C8          AP8          
//  1133: A8          SP8          

//  1134: L01134:
//  1134: 83          LP3          
//  1135: 10           L0          
//  1136: B6         GBYT          
//  1137: AC         SP12          
//  1138: 88          LP8          
//  1139: AB         SP11          
//  1140: BA BF         J  1205    

//  1142: L01142:
//  1142: 83          LP3          
//  1143: 8B         LP11          
//  1144: B6         GBYT          
//  1145: 30 3B        LG    59    G059 CAPCH
//  1147: 20 0D         K    13    
//  1149: AD         SP13          
//  1150: 60 30         L    48    
//  1152: 5C 8B       JLS  1165    
//  1154: B5          XCH          
//  1155: 60 39         L    57    
//  1157: 7C 86       JGR  1165    
//  1159: 0E 30        LM    48    
//  1161: C0 0D        AP    13    
//  1163: BA 92         J  1183    

//  1165: L01165:
//  1165: 60 41         L    65    
//  1167: 8D         LP13          
//  1168: 7C 8C       JGR  1182    
//  1170: 60 46         L    70    
//  1172: 7C 88       JGR  1182    
//  1174: 0E 41        LM    65    
//  1176: C0 0D        AP    13    
//  1178: E0 0A         A    10    
//  1180: BA 81         J  1183    

//  1182: L01182:
//  1182: 0F          LM1          

//  1183: L01183:
//  1183: AD         SP13          
//  1184: 5E 8D      JLS0  1199    
//  1186: 89          LP9          
//  1187: BC 8A       JGE  1199    
//  1189: 0F          LM1          
//  1190: A7          SP7          
//  1191: 86          LP6          
//  1192: 89          LP9          
//  1193: 34          MUL          
//  1194: C0 0D        AP    13    
//  1196: A6          SP6          
//  1197: BA 83         J  1202    

//  1199: L01199:
//  1199: 10           L0          
//  1200: BA AF         J  1249    

//  1202: L01202:
//  1202: 11           L1          
//  1203: CB         AP11          
//  1204: AB         SP11          

//  1205: L01205:
//  1205: 8B         LP11          
//  1206: 8C         LP12          
//  1207: 9C 3D       JLE  1142    
//  1209: 87          LP7          
//  1210: 3E 83      JNE0  1215    
//  1212: 10           L0          
//  1213: BA A2         J  1249    

//  1215: L01215:
//  1215: 8A         LP10          
//  1216: 1E 83      JEQ0  1221    
//  1218: 86          LP6          
//  1219: F1          NEG          
//  1220: A6          SP6          

//  1221: L01221:
//  1221: 85          LP5          
//  1222: 1E 8A      JEQ0  1234    
//  1224: 86          LP6          
//  1225: 5E 84      JLS0  1231    
//  1227: 30 00        LG     0    G000 MAXGLOB
//  1229: 9C 83       JLE  1234    

//  1231: L01231:
//  1231: 10           L0          
//  1232: BA 8F         J  1249    

//  1234: L01234:
//  1234: 86          LP6          
//  1235: 3B 87       LL$   240    
//  1237: 99         STP4          
//  1238: 85          LP5          
//  1239: 1E 83      JEQ0  1244    
//  1241: 11           L1          
//  1242: BA 81         J  1245    

//  1244: L01244:
//  1244: 10           L0          

//  1245: L01245:
//  1245: 3B 83       LL$   242    
//  1247: 99         STP4          
//  1248: 0F          LM1          

//  1249: L01249:
//  1249: 7B          RTN          

//  1250: 0002          Resolving word => 1252

//  1252: L01252:

//  1252: BA 8F         J  1269    

//  1254: L01254:
//  1254: 83          LP3          
//  1255: AA         SP10          
//  1256: 84          LP4          
//  1257: 5A 99       LLL  1284    
//  1259: 06           K6          
//  1260: A6          SP6          
//  1261: 1E 82      JEQ0  1265    
//  1263: BA 92         J  1283    

//  1265: L01265:
//  1265: F3         L1P3          
//  1266: C3          AP3          
//  1267: D2           A2          
//  1268: A3          SP3          

//  1269: L01269:
//  1269: E3         L0P3          
//  1270: 0E 08        LM     8    
//  1272: 58          AND          
//  1273: 61 E8 03     LW  1000    
//  1276: 3C 84       JNE  1282    
//  1278: 83          LP3          
//  1279: 85          LP5          
//  1280: 5C 64       JLS  1254    

//  1282: L01282:
//  1282: 10           L0          

//  1283: L01283:
//  1283: 7B          RTN          

//  1284: L01284:

//  1284: F4         L1P4          
//  1285: C4          AP4          
//  1286: B4           S4          
//  1287: A5          SP5          
//  1288: E4         L0P4          
//  1289: 0E 02        LM     2    
//  1291: 58          AND          
//  1292: 61 E8 03     LW  1000    
//  1295: 1C 83       JEQ  1300    
//  1297: 10           L0          
//  1298: BA B0         J  1348    

//  1300: L01300:
//  1300: 0F          LM1          
//  1301: C3          AP3          
//  1302: A3          SP3          
//  1303: 84          LP4          
//  1304: A6          SP6          
//  1305: 85          LP5          
//  1306: A7          SP7          
//  1307: BA A2         J  1343    

//  1309: L01309:
//  1309: E6         L0P6          
//  1310: 61 DF DF     LW -8225    
//  1313: 3C 99       JNE  1340    
//  1315: 11           L1          
//  1316: A8          SP8          
//  1317: BA 8D         J  1332    

//  1319: L01319:
//  1319: 88          LP8          
//  1320: D9         RVP6          
//  1321: A9          SP9          
//  1322: 88          LP8          
//  1323: D6         RVP3          
//  1324: 1C 83       JEQ  1329    
//  1326: 5A 8C       LLL  1340    
//  1328: 9B         GOTO          

//  1329: L01329:
//  1329: 11           L1          
//  1330: C8          AP8          
//  1331: A8          SP8          

//  1332: L01332:
//  1332: 88          LP8          
//  1333: 14           L4          
//  1334: 9C 6F       JLE  1319    
//  1336: 15           L5          
//  1337: C6          AP6          
//  1338: BA 88         J  1348    

//  1340: L01340:

//  1340: 11           L1          
//  1341: C6          AP6          
//  1342: A6          SP6          

//  1343: L01343:
//  1343: 86          LP6          
//  1344: 87          LP7          
//  1345: 9C 5A       JLE  1309    
//  1347: 10           L0          

//  1348: L01348:
//  1348: 7B          RTN          
//  1349: D0          NOP          

//  1350: FEE4          Resolving word => 1066
//  1352: FEC8          Resolving word => 1040

//  1354: L01354:

//  1354: 23 49       K3G    73    G073 INPUT
//  1356: A3          SP3          
//  1357: 24 4A       K4G    74    G074 OUTPUT
//  1359: A4          SP4          
//  1360: 40 06       LLP     6    
//  1362: A5          SP5          
//  1363: 10           L0          
//  1364: AD         SP13          
//  1365: BA 9C         J  1395    

//  1367: L01367:
//  1367: 3B 46       LL$   242    
//  1369: C0 0D        AP    13    
//  1371: 74           RV          
//  1372: 9E 8B      JLE0  1385    
//  1374: 3B 42       LL$   240    
//  1376: C0 0D        AP    13    
//  1378: 74           RV          
//  1379: 32 00       LLG     0    G000 MAXGLOB
//  1381: 54          ADD          
//  1382: 74           RV          
//  1383: BA 85         J  1390    

//  1385: L01385:
//  1385: 3B 3C       LL$   240    
//  1387: C0 0D        AP    13    
//  1389: 74           RV          

//  1390: L01390:
//  1390: 8D         LP13          
//  1391: 9A         STP5          
//  1392: 8D         LP13          
//  1393: D1           A1          
//  1394: AD         SP13          

//  1395: L01395:
//  1395: 8D         LP13          
//  1396: 16           L6          
//  1397: 9C 60       JLE  1367    
//  1399: E5         L0P5          
//  1400: 61 88 FC     LW  -888    
//  1403: 3C 87       JNE  1412    
//  1405: 5A FD       LLL  1532    "Procedure undefined*n"
//  1407: 30 5E        LG    94    G094 WRITES
//  1409: 20 0D         K    13    
//  1411: 7B          RTN          

//  1412: L01412:
//  1412: 40 0E       LLP    14    
//  1414: AD         SP13          
//  1415: 85          LP5          
//  1416: 77          RV3          
//  1417: A0 16        SP    22    
//  1419: 85          LP5          
//  1420: 78          RV4          
//  1421: A0 17        SP    23    
//  1423: 85          LP5          
//  1424: 79          RV5          
//  1425: A0 18        SP    24    
//  1427: 85          LP5          
//  1428: 7A          RV6          
//  1429: A0 19        SP    25    
//  1431: F9         L2P5          
//  1432: A0 15        SP    21    
//  1434: F5         L1P5          
//  1435: E5         L0P5          
//  1436: 20 11         K    17    
//  1438: 8D         LP13          
//  1439: 94           ST          
//  1440: 30 0F        LG    15    G015 RESULT2
//  1442: 8D         LP13          
//  1443: 95          ST1          
//  1444: 30 0B        LG    11    G011 MCRESULT
//  1446: 8D         LP13          
//  1447: 96          ST2          
//  1448: 83          LP3          
//  1449: 30 4F        LG    79    G079 SELECTINPUT
//  1451: 20 11         K    17    
//  1453: 84          LP4          
//  1454: 30 50        LG    80    G080 SELECTOUTPUT
//  1456: 20 11         K    17    
//  1458: 30 54        LG    84    G084 NEWLINE
//  1460: 20 11         K    17    
//  1462: 10           L0          
//  1463: A0 11        SP    17    
//  1465: BA BB         J  1526    

//  1467: L01467:
//  1467: 5A D5       LLL  1554    "%S = %I6 (%X4)*n"
//  1469: A0 15        SP    21    
//  1471: 80 11        LP    17    
//  1473: 3E 84      JNE0  1479    
//  1475: 5A DD       LLL  1570    "RESULT  "
//  1477: BA 8B         J  1490    

//  1479: L01479:
//  1479: 11           L1          
//  1480: 80 11        LP    17    
//  1482: 3C 84       JNE  1488    
//  1484: 5A DE       LLL  1580    "RESULT2 "
//  1486: BA 82         J  1490    

//  1488: L01488:
//  1488: 5A E4       LLL  1590    "MCRESULT"

//  1490: L01490:
//  1490: A0 16        SP    22    
//  1492: 8D         LP13          
//  1493: C0 11        AP    17    
//  1495: 74           RV          
//  1496: A0 17        SP    23    
//  1498: BA 82         J  1502    

//  1500: FCD8          Resolving word => 692

//  1502: L01502:
//  1502: 8D         LP13          
//  1503: C0 11        AP    17    
//  1505: BA 85         J  1512    
//  1507: D0          NOP          

//  1508: FB0C          Resolving word => 240
//  1510: FB0C          Resolving word => 242

//  1512: L01512:
//  1512: 74           RV          
//  1513: A0 18        SP    24    
//  1515: 80 15        LP    21    
//  1517: 30 5A        LG    90    G090 WRITEF
//  1519: 20 12         K    18    
//  1521: 80 11        LP    17    
//  1523: D1           A1          
//  1524: A0 11        SP    17    

//  1526: L01526:
//  1526: 80 11        LP    17    
//  1528: 12           L2          
//  1529: 9C 40       JLE  1467    
//  1531: 7B          RTN          

//  1532: 14 String: "Procedure undefined*n"
//  1532: 14 50 72 6F 63 65 64 75 72 65 20 75 6E 64 65 66 
//  1548: 69 6E 65 64 0A 

//  1554: 0F String: "%S = %I6 (%X4)*n"
//  1554: 0F 25 53 20 3D 20 25 49 36 20 28 25 58 34 29 0A 

//  1570: 08 String: "RESULT  "
//  1570: 08 52 45 53 55 4C 54 20 20 

//  1580: 08 String: "RESULT2 "
//  1580: 08 52 45 53 55 4C 54 32 20 

//  1590: 08 String: "MCRESULT"
//  1590: 08 4D 43 52 45 53 55 4C 54 

//  1600: 0000      Ginit end mark
//  1602: 0001 000C Init  G001 = 16  START
//  1606: 007C      Highest Global  G124
//  1608: 03E0                  END

//  1610: 1A
//  1611: 1A
//  1612: 1A
//  1613: 1A
//  1614: 1A
//  1615: 1A
//  1616: 1A
//  1617: 1A
//  1618: 1A
//  1619: 1A
//  1620: 1A
//  1621: 1A
//  1622: 1A
//  1623: 1A
//  1624: 1A
//  1625: 1A
//  1626: 1A
//  1627: 1A
//  1628: 1A
//  1629: 1A
//  1630: 1A
//  1631: 1A
//  1632: 1A
//  1633: 1A
//  1634: 1A
//  1635: 1A
//  1636: 1A
//  1637: 1A
//  1638: 1A
//  1639: 1A
//  1640: 1A
//  1641: 1A
//  1642: 1A
//  1643: 1A
//  1644: 1A
//  1645: 1A
//  1646: 1A
//  1647: 1A
//  1648: 1A
//  1649: 1A
//  1650: 1A
//  1651: 1A
//  1652: 1A
//  1653: 1A
//  1654: 1A
//  1655: 1A
//  1656: 1A
//  1657: 1A
//  1658: 1A
//  1659: 1A
//  1660: 1A
//  1661: 1A
//  1662: 1A
//  1663: 1A

No unclassified bytes
